// Jest Snapshot v1, https://goo.gl/fbAQLP

exports[`testing methods createBoard() 1`] = `
Array [
  Array [
    Cell {},
    Cell {},
    Cell {},
    Cell {},
    Cell {},
    Cell {},
    Cell {},
    Cell {},
  ],
  Array [
    Cell {},
    Cell {},
    Cell {},
    Cell {},
    Cell {},
    Cell {},
    Cell {},
    Cell {},
  ],
  Array [
    Cell {},
    Cell {},
    Cell {},
    Cell {},
    Cell {},
    Cell {},
    Cell {},
    Cell {},
  ],
  Array [
    Cell {},
    Cell {},
    Cell {},
    Cell {},
    Cell {},
    Cell {},
    Cell {},
    Cell {},
  ],
  Array [
    Cell {},
    Cell {},
    Cell {},
    Cell {},
    Cell {},
    Cell {},
    Cell {},
    Cell {},
  ],
  Array [
    Cell {},
    Cell {},
    Cell {},
    Cell {},
    Cell {},
    Cell {},
    Cell {},
    Cell {},
  ],
  Array [
    Cell {},
    Cell {},
    Cell {},
    Cell {},
    Cell {},
    Cell {},
    Cell {},
    Cell {},
  ],
  Array [
    Cell {},
    Cell {},
    Cell {},
    Cell {},
    Cell {},
    Cell {},
    Cell {},
    Cell {},
  ],
]
`;

exports[`testing properties board 1`] = `
Array [
  Array [
    Cell {},
    Cell {},
    Cell {},
    Cell {},
    Cell {},
    Cell {},
    Cell {},
    Cell {},
  ],
  Array [
    Cell {},
    Cell {},
    Cell {},
    Cell {},
    Cell {},
    Cell {},
    Cell {},
    Cell {},
  ],
  Array [
    Cell {},
    Cell {},
    Cell {},
    Cell {},
    Cell {},
    Cell {},
    Cell {},
    Cell {},
  ],
  Array [
    Cell {},
    Cell {},
    Cell {},
    Cell {},
    Cell {},
    Cell {},
    Cell {},
    Cell {},
  ],
  Array [
    Cell {},
    Cell {},
    Cell {},
    Cell {},
    Cell {},
    Cell {},
    Cell {},
    Cell {},
  ],
  Array [
    Cell {},
    Cell {},
    Cell {},
    Cell {},
    Cell {},
    Cell {},
    Cell {},
    Cell {},
  ],
  Array [
    Cell {},
    Cell {},
    Cell {},
    Cell {},
    Cell {},
    Cell {},
    Cell {},
    Cell {},
  ],
  Array [
    Cell {},
    Cell {},
    Cell {},
    Cell {},
    Cell {},
    Cell {},
    Cell {},
    Cell {},
  ],
]
`;
